// Jest Snapshot v1, https://goo.gl/fbAQLP

exports[`<App /> matches the snap shot 1`] = `
<HashRouter>
  <Switch>
    <Route
      exact={true}
      path="/login"
    >
      <Login />
    </Route>
    <Route
      exact={true}
      path="/Menu"
    >
      <Menu />
    </Route>
    <Route
      exact={true}
      path="/Profiles"
    >
      <Menu />
    </Route>
  </Switch>
</HashRouter>
`;
